---
source: crates/core/tests/scene_snapshots.rs
expression: json
---
{
  "background": {
    "a": 255,
    "b": 255,
    "g": 255,
    "r": 255
  },
  "height": 247,
  "items": [
    {
      "kind": "line",
      "points": [
        [
          39,
          210
        ],
        [
          339,
          210
        ]
      ],
      "stroke": {
        "color": {
          "a": 255,
          "b": 221,
          "g": 221,
          "r": 221
        },
        "width": 1
      }
    },
    {
      "kind": "line",
      "points": [
        [
          39,
          166
        ],
        [
          339,
          166
        ]
      ],
      "stroke": {
        "color": {
          "a": 255,
          "b": 221,
          "g": 221,
          "r": 221
        },
        "width": 1
      }
    },
    {
      "kind": "line",
      "points": [
        [
          39,
          121
        ],
        [
          339,
          121
        ]
      ],
      "stroke": {
        "color": {
          "a": 255,
          "b": 221,
          "g": 221,
          "r": 221
        },
        "width": 1
      }
    },
    {
      "kind": "line",
      "points": [
        [
          39,
          77
        ],
        [
          339,
          77
        ]
      ],
      "stroke": {
        "color": {
          "a": 255,
          "b": 221,
          "g": 221,
          "r": 221
        },
        "width": 1
      }
    },
    {
      "kind": "line",
      "points": [
        [
          39,
          32
        ],
        [
          339,
          32
        ]
      ],
      "stroke": {
        "color": {
          "a": 255,
          "b": 221,
          "g": 221,
          "r": 221
        },
        "width": 1
      }
    },
    {
      "kind": "line",
      "points": [
        [
          39,
          10
        ],
        [
          39,
          210
        ]
      ],
      "stroke": {
        "color": {
          "a": 255,
          "b": 136,
          "g": 136,
          "r": 136
        },
        "width": 1
      }
    },
    {
      "kind": "line",
      "points": [
        [
          34,
          210
        ],
        [
          39,
          210
        ]
      ],
      "stroke": {
        "color": {
          "a": 255,
          "b": 136,
          "g": 136,
          "r": 136
        },
        "width": 1
      }
    },
    {
      "kind": "line",
      "points": [
        [
          34,
          166
        ],
        [
          39,
          166
        ]
      ],
      "stroke": {
        "color": {
          "a": 255,
          "b": 136,
          "g": 136,
          "r": 136
        },
        "width": 1
      }
    },
    {
      "kind": "line",
      "points": [
        [
          34,
          121
        ],
        [
          39,
          121
        ]
      ],
      "stroke": {
        "color": {
          "a": 255,
          "b": 136,
          "g": 136,
          "r": 136
        },
        "width": 1
      }
    },
    {
      "kind": "line",
      "points": [
        [
          34,
          77
        ],
        [
          39,
          77
        ]
      ],
      "stroke": {
        "color": {
          "a": 255,
          "b": 136,
          "g": 136,
          "r": 136
        },
        "width": 1
      }
    },
    {
      "kind": "line",
      "points": [
        [
          34,
          32
        ],
        [
          39,
          32
        ]
      ],
      "stroke": {
        "color": {
          "a": 255,
          "b": 136,
          "g": 136,
          "r": 136
        },
        "width": 1
      }
    },
    {
      "anchor": "end",
      "angle": 0,
      "baseline": "middle",
      "content": "0",
      "fill": {
        "a": 255,
        "b": 0,
        "g": 0,
        "r": 0
      },
      "kind": "text",
      "size": 10,
      "x": 32,
      "y": 210
    },
    {
      "anchor": "end",
      "angle": 0,
      "baseline": "middle",
      "content": "10",
      "fill": {
        "a": 255,
        "b": 0,
        "g": 0,
        "r": 0
      },
      "kind": "text",
      "size": 10,
      "x": 32,
      "y": 165.556
    },
    {
      "anchor": "end",
      "angle": 0,
      "baseline": "middle",
      "content": "20",
      "fill": {
        "a": 255,
        "b": 0,
        "g": 0,
        "r": 0
      },
      "kind": "text",
      "size": 10,
      "x": 32,
      "y": 121.111
    },
    {
      "anchor": "end",
      "angle": 0,
      "baseline": "middle",
      "content": "30",
      "fill": {
        "a": 255,
        "b": 0,
        "g": 0,
        "r": 0
      },
      "kind": "text",
      "size": 10,
      "x": 32,
      "y": 76.667
    },
    {
      "anchor": "end",
      "angle": 0,
      "baseline": "middle",
      "content": "40",
      "fill": {
        "a": 255,
        "b": 0,
        "g": 0,
        "r": 0
      },
      "kind": "text",
      "size": 10,
      "x": 32,
      "y": 32.222
    },
    {
      "anchor": "middle",
      "angle": -90,
      "baseline": "alphabetic",
      "content": "value",
      "fill": {
        "a": 255,
        "b": 0,
        "g": 0,
        "r": 0
      },
      "kind": "text",
      "size": 11,
      "x": 16.877,
      "y": 110
    },
    {
      "kind": "line",
      "points": [
        [
          39,
          10
        ],
        [
          39,
          210
        ]
      ],
      "stroke": {
        "color": {
          "a": 255,
          "b": 221,
          "g": 221,
          "r": 221
        },
        "width": 1
      }
    },
    {
      "kind": "line",
      "points": [
        [
          77,
          10
        ],
        [
          77,
          210
        ]
      ],
      "stroke": {
        "color": {
          "a": 255,
          "b": 221,
          "g": 221,
          "r": 221
        },
        "width": 1
      }
    },
    {
      "kind": "line",
      "points": [
        [
          114,
          10
        ],
        [
          114,
          210
        ]
      ],
      "stroke": {
        "color": {
          "a": 255,
          "b": 221,
          "g": 221,
          "r": 221
        },
        "width": 1
      }
    },
    {
      "kind": "line",
      "points": [
        [
          152,
          10
        ],
        [
          152,
          210
        ]
      ],
      "stroke": {
        "color": {
          "a": 255,
          "b": 221,
          "g": 221,
          "r": 221
        },
        "width": 1
      }
    },
    {
      "kind": "line",
      "points": [
        [
          189,
          10
        ],
        [
          189,
          210
        ]
      ],
      "stroke": {
        "color": {
          "a": 255,
          "b": 221,
          "g": 221,
          "r": 221
        },
        "width": 1
      }
    },
    {
      "kind": "line",
      "points": [
        [
          227,
          10
        ],
        [
          227,
          210
        ]
      ],
      "stroke": {
        "color": {
          "a": 255,
          "b": 221,
          "g": 221,
          "r": 221
        },
        "width": 1
      }
    },
    {
      "kind": "line",
      "points": [
        [
          264,
          10
        ],
        [
          264,
          210
        ]
      ],
      "stroke": {
        "color": {
          "a": 255,
          "b": 221,
          "g": 221,
          "r": 221
        },
        "width": 1
      }
    },
    {
      "kind": "line",
      "points": [
        [
          302,
          10
        ],
        [
          302,
          210
        ]
      ],
      "stroke": {
        "color": {
          "a": 255,
          "b": 221,
          "g": 221,
          "r": 221
        },
        "width": 1
      }
    },
    {
      "kind": "line",
      "points": [
        [
          339,
          10
        ],
        [
          339,
          210
        ]
      ],
      "stroke": {
        "color": {
          "a": 255,
          "b": 221,
          "g": 221,
          "r": 221
        },
        "width": 1
      }
    },
    {
      "kind": "line",
      "points": [
        [
          39,
          210
        ],
        [
          339,
          210
        ]
      ],
      "stroke": {
        "color": {
          "a": 255,
          "b": 136,
          "g": 136,
          "r": 136
        },
        "width": 1
      }
    },
    {
      "kind": "line",
      "points": [
        [
          39,
          210
        ],
        [
          39,
          215
        ]
      ],
      "stroke": {
        "color": {
          "a": 255,
          "b": 136,
          "g": 136,
          "r": 136
        },
        "width": 1
      }
    },
    {
      "kind": "line",
      "points": [
        [
          77,
          210
        ],
        [
          77,
          215
        ]
      ],
      "stroke": {
        "color": {
          "a": 255,
          "b": 136,
          "g": 136,
          "r": 136
        },
        "width": 1
      }
    },
    {
      "kind": "line",
      "points": [
        [
          114,
          210
        ],
        [
          114,
          215
        ]
      ],
      "stroke": {
        "color": {
          "a": 255,
          "b": 136,
          "g": 136,
          "r": 136
        },
        "width": 1
      }
    },
    {
      "kind": "line",
      "points": [
        [
          152,
          210
        ],
        [
          152,
          215
        ]
      ],
      "stroke": {
        "color": {
          "a": 255,
          "b": 136,
          "g": 136,
          "r": 136
        },
        "width": 1
      }
    },
    {
      "kind": "line",
      "points": [
        [
          189,
          210
        ],
        [
          189,
          215
        ]
      ],
      "stroke": {
        "color": {
          "a": 255,
          "b": 136,
          "g": 136,
          "r": 136
        },
        "width": 1
      }
    },
    {
      "kind": "line",
      "points": [
        [
          227,
          210
        ],
        [
          227,
          215
        ]
      ],
      "stroke": {
        "color": {
          "a": 255,
          "b": 136,
          "g": 136,
          "r": 136
        },
        "width": 1
      }
    },
    {
      "kind": "line",
      "points": [
        [
          264,
          210
        ],
        [
          264,
          215
        ]
      ],
      "stroke": {
        "color": {
          "a": 255,
          "b": 136,
          "g": 136,
          "r": 136
        },
        "width": 1
      }
    },
    {
      "kind": "line",
      "points": [
        [
          302,
          210
        ],
        [
          302,
          215
        ]
      ],
      "stroke": {
        "color": {
          "a": 255,
          "b": 136,
          "g": 136,
          "r": 136
        },
        "width": 1
      }
    },
    {
      "kind": "line",
      "points": [
        [
          339,
          210
        ],
        [
          339,
          215
        ]
      ],
      "stroke": {
        "color": {
          "a": 255,
          "b": 136,
          "g": 136,
          "r": 136
        },
        "width": 1
      }
    },
    {
      "anchor": "middle",
      "angle": 0,
      "baseline": "top",
      "content": "1.0",
      "fill": {
        "a": 255,
        "b": 0,
        "g": 0,
        "r": 0
      },
      "kind": "text",
      "size": 10,
      "x": 39,
      "y": 217
    },
    {
      "anchor": "middle",
      "angle": 0,
      "baseline": "top",
      "content": "1.5",
      "fill": {
        "a": 255,
        "b": 0,
        "g": 0,
        "r": 0
      },
      "kind": "text",
      "size": 10,
      "x": 76.5,
      "y": 217
    },
    {
      "anchor": "middle",
      "angle": 0,
      "baseline": "top",
      "content": "2.0",
      "fill": {
        "a": 255,
        "b": 0,
        "g": 0,
        "r": 0
      },
      "kind": "text",
      "size": 10,
      "x": 114,
      "y": 217
    },
    {
      "anchor": "middle",
      "angle": 0,
      "baseline": "top",
      "content": "2.5",
      "fill": {
        "a": 255,
        "b": 0,
        "g": 0,
        "r": 0
      },
      "kind": "text",
      "size": 10,
      "x": 151.5,
      "y": 217
    },
    {
      "anchor": "middle",
      "angle": 0,
      "baseline": "top",
      "content": "3.0",
      "fill": {
        "a": 255,
        "b": 0,
        "g": 0,
        "r": 0
      },
      "kind": "text",
      "size": 10,
      "x": 189,
      "y": 217
    },
    {
      "anchor": "middle",
      "angle": 0,
      "baseline": "top",
      "content": "3.5",
      "fill": {
        "a": 255,
        "b": 0,
        "g": 0,
        "r": 0
      },
      "kind": "text",
      "size": 10,
      "x": 226.5,
      "y": 217
    },
    {
      "anchor": "middle",
      "angle": 0,
      "baseline": "top",
      "content": "4.0",
      "fill": {
        "a": 255,
        "b": 0,
        "g": 0,
        "r": 0
      },
      "kind": "text",
      "size": 10,
      "x": 264,
      "y": 217
    },
    {
      "anchor": "middle",
      "angle": 0,
      "baseline": "top",
      "content": "4.5",
      "fill": {
        "a": 255,
        "b": 0,
        "g": 0,
        "r": 0
      },
      "kind": "text",
      "size": 10,
      "x": 301.5,
      "y": 217
    },
    {
      "anchor": "middle",
      "angle": 0,
      "baseline": "top",
      "content": "5.0",
      "fill": {
        "a": 255,
        "b": 0,
        "g": 0,
        "r": 0
      },
      "kind": "text",
      "size": 10,
      "x": 339,
      "y": 217
    },
    {
      "anchor": "middle",
      "angle": 0,
      "baseline": "top",
      "content": "step",
      "fill": {
        "a": 255,
        "b": 0,
        "g": 0,
        "r": 0
      },
      "kind": "text",
      "size": 11,
      "x": 189,
      "y": 231
    },
    {
      "kind": "line",
      "points": [
        [
          39,
          156.667
        ],
        [
          114,
          54.444
        ],
        [
          189,
          85.556
        ],
        [
          264,
          112.222
        ],
        [
          339,
          18.889
        ]
      ],
      "stroke": {
        "color": {
          "a": 255,
          "b": 168,
          "g": 120,
          "r": 76
        },
        "width": 2
      }
    }
  ],
  "plot": {
    "h": 200,
    "w": 300,
    "x": 39,
    "y": 10
  },
  "width": 350.951
}
