---
source: crates/core/tests/scene_snapshots.rs
expression: json
---
{
  "background": {
    "a": 255,
    "b": 255,
    "g": 255,
    "r": 255
  },
  "height": 255,
  "items": [
    {
      "kind": "line",
      "points": [
        [
          39,
          210
        ],
        [
          339,
          210
        ]
      ],
      "stroke": {
        "color": {
          "a": 255,
          "b": 221,
          "g": 221,
          "r": 221
        },
        "width": 1
      }
    },
    {
      "kind": "line",
      "points": [
        [
          39,
          181
        ],
        [
          339,
          181
        ]
      ],
      "stroke": {
        "color": {
          "a": 255,
          "b": 221,
          "g": 221,
          "r": 221
        },
        "width": 1
      }
    },
    {
      "kind": "line",
      "points": [
        [
          39,
          153
        ],
        [
          339,
          153
        ]
      ],
      "stroke": {
        "color": {
          "a": 255,
          "b": 221,
          "g": 221,
          "r": 221
        },
        "width": 1
      }
    },
    {
      "kind": "line",
      "points": [
        [
          39,
          124
        ],
        [
          339,
          124
        ]
      ],
      "stroke": {
        "color": {
          "a": 255,
          "b": 221,
          "g": 221,
          "r": 221
        },
        "width": 1
      }
    },
    {
      "kind": "line",
      "points": [
        [
          39,
          96
        ],
        [
          339,
          96
        ]
      ],
      "stroke": {
        "color": {
          "a": 255,
          "b": 221,
          "g": 221,
          "r": 221
        },
        "width": 1
      }
    },
    {
      "kind": "line",
      "points": [
        [
          39,
          67
        ],
        [
          339,
          67
        ]
      ],
      "stroke": {
        "color": {
          "a": 255,
          "b": 221,
          "g": 221,
          "r": 221
        },
        "width": 1
      }
    },
    {
      "kind": "line",
      "points": [
        [
          39,
          39
        ],
        [
          339,
          39
        ]
      ],
      "stroke": {
        "color": {
          "a": 255,
          "b": 221,
          "g": 221,
          "r": 221
        },
        "width": 1
      }
    },
    {
      "kind": "line",
      "points": [
        [
          39,
          10
        ],
        [
          339,
          10
        ]
      ],
      "stroke": {
        "color": {
          "a": 255,
          "b": 221,
          "g": 221,
          "r": 221
        },
        "width": 1
      }
    },
    {
      "kind": "line",
      "points": [
        [
          39,
          10
        ],
        [
          39,
          210
        ]
      ],
      "stroke": {
        "color": {
          "a": 255,
          "b": 136,
          "g": 136,
          "r": 136
        },
        "width": 1
      }
    },
    {
      "kind": "line",
      "points": [
        [
          34,
          210
        ],
        [
          39,
          210
        ]
      ],
      "stroke": {
        "color": {
          "a": 255,
          "b": 136,
          "g": 136,
          "r": 136
        },
        "width": 1
      }
    },
    {
      "kind": "line",
      "points": [
        [
          34,
          181
        ],
        [
          39,
          181
        ]
      ],
      "stroke": {
        "color": {
          "a": 255,
          "b": 136,
          "g": 136,
          "r": 136
        },
        "width": 1
      }
    },
    {
      "kind": "line",
      "points": [
        [
          34,
          153
        ],
        [
          39,
          153
        ]
      ],
      "stroke": {
        "color": {
          "a": 255,
          "b": 136,
          "g": 136,
          "r": 136
        },
        "width": 1
      }
    },
    {
      "kind": "line",
      "points": [
        [
          34,
          124
        ],
        [
          39,
          124
        ]
      ],
      "stroke": {
        "color": {
          "a": 255,
          "b": 136,
          "g": 136,
          "r": 136
        },
        "width": 1
      }
    },
    {
      "kind": "line",
      "points": [
        [
          34,
          96
        ],
        [
          39,
          96
        ]
      ],
      "stroke": {
        "color": {
          "a": 255,
          "b": 136,
          "g": 136,
          "r": 136
        },
        "width": 1
      }
    },
    {
      "kind": "line",
      "points": [
        [
          34,
          67
        ],
        [
          39,
          67
        ]
      ],
      "stroke": {
        "color": {
          "a": 255,
          "b": 136,
          "g": 136,
          "r": 136
        },
        "width": 1
      }
    },
    {
      "kind": "line",
      "points": [
        [
          34,
          39
        ],
        [
          39,
          39
        ]
      ],
      "stroke": {
        "color": {
          "a": 255,
          "b": 136,
          "g": 136,
          "r": 136
        },
        "width": 1
      }
    },
    {
      "kind": "line",
      "points": [
        [
          34,
          10
        ],
        [
          39,
          10
        ]
      ],
      "stroke": {
        "color": {
          "a": 255,
          "b": 136,
          "g": 136,
          "r": 136
        },
        "width": 1
      }
    },
    {
      "anchor": "end",
      "angle": 0,
      "baseline": "middle",
      "content": "0",
      "fill": {
        "a": 255,
        "b": 0,
        "g": 0,
        "r": 0
      },
      "kind": "text",
      "size": 10,
      "x": 32,
      "y": 210
    },
    {
      "anchor": "end",
      "angle": 0,
      "baseline": "middle",
      "content": "5",
      "fill": {
        "a": 255,
        "b": 0,
        "g": 0,
        "r": 0
      },
      "kind": "text",
      "size": 10,
      "x": 32,
      "y": 181.429
    },
    {
      "anchor": "end",
      "angle": 0,
      "baseline": "middle",
      "content": "10",
      "fill": {
        "a": 255,
        "b": 0,
        "g": 0,
        "r": 0
      },
      "kind": "text",
      "size": 10,
      "x": 32,
      "y": 152.857
    },
    {
      "anchor": "end",
      "angle": 0,
      "baseline": "middle",
      "content": "15",
      "fill": {
        "a": 255,
        "b": 0,
        "g": 0,
        "r": 0
      },
      "kind": "text",
      "size": 10,
      "x": 32,
      "y": 124.286
    },
    {
      "anchor": "end",
      "angle": 0,
      "baseline": "middle",
      "content": "20",
      "fill": {
        "a": 255,
        "b": 0,
        "g": 0,
        "r": 0
      },
      "kind": "text",
      "size": 10,
      "x": 32,
      "y": 95.714
    },
    {
      "anchor": "end",
      "angle": 0,
      "baseline": "middle",
      "content": "25",
      "fill": {
        "a": 255,
        "b": 0,
        "g": 0,
        "r": 0
      },
      "kind": "text",
      "size": 10,
      "x": 32,
      "y": 67.143
    },
    {
      "anchor": "end",
      "angle": 0,
      "baseline": "middle",
      "content": "30",
      "fill": {
        "a": 255,
        "b": 0,
        "g": 0,
        "r": 0
      },
      "kind": "text",
      "size": 10,
      "x": 32,
      "y": 38.571
    },
    {
      "anchor": "end",
      "angle": 0,
      "baseline": "middle",
      "content": "35",
      "fill": {
        "a": 255,
        "b": 0,
        "g": 0,
        "r": 0
      },
      "kind": "text",
      "size": 10,
      "x": 32,
      "y": 10
    },
    {
      "anchor": "middle",
      "angle": -90,
      "baseline": "alphabetic",
      "content": "sales",
      "fill": {
        "a": 255,
        "b": 0,
        "g": 0,
        "r": 0
      },
      "kind": "text",
      "size": 11,
      "x": 16.877,
      "y": 110
    },
    {
      "kind": "line",
      "points": [
        [
          39,
          210
        ],
        [
          339,
          210
        ]
      ],
      "stroke": {
        "color": {
          "a": 255,
          "b": 136,
          "g": 136,
          "r": 136
        },
        "width": 1
      }
    },
    {
      "kind": "line",
      "points": [
        [
          77,
          210
        ],
        [
          77,
          215
        ]
      ],
      "stroke": {
        "color": {
          "a": 255,
          "b": 136,
          "g": 136,
          "r": 136
        },
        "width": 1
      }
    },
    {
      "kind": "line",
      "points": [
        [
          152,
          210
        ],
        [
          152,
          215
        ]
      ],
      "stroke": {
        "color": {
          "a": 255,
          "b": 136,
          "g": 136,
          "r": 136
        },
        "width": 1
      }
    },
    {
      "kind": "line",
      "points": [
        [
          227,
          210
        ],
        [
          227,
          215
        ]
      ],
      "stroke": {
        "color": {
          "a": 255,
          "b": 136,
          "g": 136,
          "r": 136
        },
        "width": 1
      }
    },
    {
      "kind": "line",
      "points": [
        [
          302,
          210
        ],
        [
          302,
          215
        ]
      ],
      "stroke": {
        "color": {
          "a": 255,
          "b": 136,
          "g": 136,
          "r": 136
        },
        "width": 1
      }
    },
    {
      "anchor": "end",
      "angle": 270,
      "baseline": "middle",
      "content": "Apr",
      "fill": {
        "a": 255,
        "b": 0,
        "g": 0,
        "r": 0
      },
      "kind": "text",
      "size": 10,
      "x": 76.5,
      "y": 217
    },
    {
      "anchor": "end",
      "angle": 270,
      "baseline": "middle",
      "content": "Feb",
      "fill": {
        "a": 255,
        "b": 0,
        "g": 0,
        "r": 0
      },
      "kind": "text",
      "size": 10,
      "x": 151.5,
      "y": 217
    },
    {
      "anchor": "end",
      "angle": 270,
      "baseline": "middle",
      "content": "Jan",
      "fill": {
        "a": 255,
        "b": 0,
        "g": 0,
        "r": 0
      },
      "kind": "text",
      "size": 10,
      "x": 226.5,
      "y": 217
    },
    {
      "anchor": "end",
      "angle": 270,
      "baseline": "middle",
      "content": "Mar",
      "fill": {
        "a": 255,
        "b": 0,
        "g": 0,
        "r": 0
      },
      "kind": "text",
      "size": 10,
      "x": 301.5,
      "y": 217
    },
    {
      "anchor": "middle",
      "angle": 0,
      "baseline": "top",
      "content": "month",
      "fill": {
        "a": 255,
        "b": 0,
        "g": 0,
        "r": 0
      },
      "kind": "text",
      "size": 11,
      "x": 189,
      "y": 238.231
    },
    {
      "kind": "line",
      "points": [
        [
          76.5,
          21.429
        ],
        [
          151.5,
          67.143
        ],
        [
          226.5,
          107.143
        ],
        [
          301.5,
          130
        ]
      ],
      "stroke": {
        "color": {
          "a": 255,
          "b": 168,
          "g": 120,
          "r": 76
        },
        "width": 2
      }
    }
  ],
  "plot": {
    "h": 200,
    "w": 300,
    "x": 39,
    "y": 10
  },
  "width": 344
}
